// Jest Snapshot v1, https://goo.gl/fbAQLP

exports[`NavBar Component should match the snapshot 1`] = `
<div>
  <div
    id="nav"
  >
    <div
      className="menu"
    >
      <img
        alt="-"
        src={Object {}}
      />
    </div>
    <div
      className="title"
    >
      <h2>
        ReadIT
      </h2>
    </div>
    <div
      className="nav-links"
    >
      <ul
        className="links"
      >
        <li>
          Home
        </li>
        <li>
          About
        </li>
        <li>
          Team
        </li>
      </ul>
    </div>
  </div>
  <SubNav />
</div>
`;
