// Jest Snapshot v1, https://goo.gl/fbAQLP

exports[`SubNav Component should match the snapshot 1`] = `
<div
  id="sub-nav"
>
  <div
    className="nav-links"
  >
    <ul
      className="links"
    >
      <li
        key="1-co"
      >
        <Link
          to="/"
        >
          Economic
        </Link>
      </li>
      <li
        key="2-ul"
      >
        <Link
          to="/"
        >
          Culture
        </Link>
      </li>
      <li
        key="3-ec"
      >
        <Link
          to="/"
        >
          Tech
        </Link>
      </li>
      <li
        key="4-ol"
      >
        <Link
          to="/"
        >
          Politics
        </Link>
      </li>
      <li
        key="5-ea"
      >
        <Link
          to="/"
        >
          Health
        </Link>
      </li>
      <li
        key="6-ci"
      >
        <Link
          to="/"
        >
          Science
        </Link>
      </li>
      <li
        key="7-rt"
      >
        <Link
          to="/"
        >
          Art
        </Link>
      </li>
    </ul>
  </div>
</div>
`;
